// Jest Snapshot v1, https://goo.gl/fbAQLP

exports[`Testing component List_cells snapshot testing 1`] = `"<ul class=\\"content--elements\\"></ul>"`;
