// Jest Snapshot v1, https://goo.gl/fbAQLP

exports[`testing component button snapshot testing 1`] = `"<button class=\\"content--button\\">slotsText test</button>"`;
