// Jest Snapshot v1, https://goo.gl/fbAQLP

exports[`testing component List_buttons snapshot testing 1`] = `
"<ul class=\\"content--button\\"><li class=\\"item--button\\"><div class=\\"item--button--icon --name_test_A\\">
      IC
    </div> <button-element-stub class=\\"item--button--label item--button--name_test_A\\">
      name test_A
    </button-element-stub></li><li class=\\"item--button\\"><div class=\\"item--button--icon --name_test_B\\">
      IC
    </div> <button-element-stub class=\\"item--button--label item--button--name_test_B\\">
      name test_B
    </button-element-stub></li></ul>"
`;
